// Jest Snapshot v1, https://goo.gl/fbAQLP

exports[`Loading component tests renders correctly 1`] = `
<Styled(Loading)
  type="bars"
/>
`;
